// Jest Snapshot v1, https://goo.gl/fbAQLP

exports[`renders correctly 1`] = `
<div
  className="css-1wixu57"
>
  <div
    style={
      Object {
        "height": "200px",
        "width": "300px",
      }
    }
  >
    <div
      className="ui segment"
      style={
        Object {
          "height": "100%",
          "width": "100%",
        }
      }
    >
      <div
        className="ui active transition visible inverted dimmer"
        onClick={[Function]}
      >
        <div
          className="content"
        >
          <div
            className="center"
          >
            <div
              className="ui inverted text loader"
            >
              <p>
                loading web3...
              </p>
            </div>
          </div>
        </div>
      </div>
    </div>
  </div>
</div>
`;
