// Jest Snapshot v1, https://goo.gl/fbAQLP

exports[`renders correctly 1`] = `
.emotion-8 {
  display: -webkit-box;
  display: -webkit-flex;
  display: -ms-flexbox;
  display: flex;
  -webkit-flex-flow: column nowrap;
  -ms-flex-flow: column nowrap;
  flex-flow: column nowrap;
  -webkit-align-items: center;
  -webkit-box-align: center;
  -ms-flex-align: center;
  align-items: center;
  -webkit-box-pack: center;
  -webkit-justify-content: center;
  -ms-flex-pack: center;
  justify-content: center;
}

.emotion-2 {
  border-radius: 15px;
  border: 1px solid #ff80c3;
  padding: 10px;
  margin: 10px;
  min-width: 6rem;
  text-align: center;
}

.emotion-6 {
  display: -webkit-box;
  display: -webkit-flex;
  display: -ms-flexbox;
  display: flex;
  -webkit-flex-flow: row nowrap;
  -ms-flex-flow: row nowrap;
  flex-flow: row nowrap;
  -webkit-box-pack: center;
  -webkit-justify-content: center;
  -ms-flex-pack: center;
  justify-content: center;
  -webkit-align-items: center;
  -webkit-box-align: center;
  -ms-flex-align: center;
  align-items: center;
}

.css-0,
[data-css-0] {
  display: grid;
  grid-gap: 5px;
  grid-template-areas: "header         header" "demo           documentation" "demoNavigation documentation" "footer         footer";
  grid-template-columns: 1fr 1fr;
  grid-template-rows: max-content 1fr max-content max-content;
  box-sizing: border-box;
  height: 100vh;
  -ms-grid-gap: 5px;
  -ms-grid-template-areas: "header         header" "demo           documentation" "demoNavigation documentation" "footer         footer";
  -ms-grid-template-columns: 1fr 1fr;
  -ms-grid-template-rows: max-content 1fr max-content max-content;
}

.css-1,
[data-css-1] {
  grid-area: header;
  padding: 15px;
  -ms-grid-area: header;
}

.css-2,
[data-css-2] {
  width: 100%;
  height: 100px;
  background-color: black;
  padding: 10px;
}

.css-3,
[data-css-3] {
  grid-area: demo;
  padding: 15px;
  -ms-grid-area: demo;
}

.css-4,
[data-css-4] {
  grid-area: demoNavigation;
  padding: 15px;
  -ms-grid-area: demoNavigation;
}

.css-5,
[data-css-5] {
  grid-area: documentation;
  padding: 15px;
  border-left: 1px solid black;
  overflow: auto;
  -ms-grid-area: documentation;
}

.css-6,
[data-css-6] {
  grid-area: footer;
  padding: 15px;
  -ms-grid-area: footer;
}

.css-7,
[data-css-7] {
  justify-content: flex-end;
  height: 100%;
  -webkit-box-pack: end;
  -webkit-justify-content: flex-end;
}

.css-8,
[data-css-8] {
  color: #ff80c3;
  font-size: 0.8rem;
}

<div
  className="css-0"
>
  <div
    className="css-1"
  >
    <div
      className="css-2"
    >
      <div
        className="ui huge header"
        style={
          Object {
            "color": "white",
          }
        }
      >
        Cogito
      </div>
      <div
        className="ui medium header"
        style={
          Object {
            "color": "white",
            "marginTop": 0,
          }
        }
      >
        Identity
      </div>
    </div>
  </div>
  <div
    className="css-3"
  >
    <div
      className="emotion-8 emotion-9"
    >
      <div
        style={
          Object {
            "boxSizing": "border-box",
            "margin": "20px 0 20px 0",
            "padding": 0,
          }
        }
      >
        <div
          className="emotion-8 emotion-9"
        >
          <p>
            Your Cogito account address is:
          </p>
          <div
            className="emotion-2 emotion-3"
          >
            unknown
          </div>
          <div
            style={
              Object {
                "boxSizing": "border-box",
                "margin": "20px 0 0 0",
                "padding": 0,
              }
            }
          />
          <p>
            You are known as:
          </p>
          <div
            className="emotion-2 emotion-3"
          >
            unknown
          </div>
          <div
            className="emotion-6 emotion-7"
          >
            <button
              className="ui black secondary button"
              onClick={[Function]}
              role="button"
            >
              Read your identity...
            </button>
            <button
              className="ui black secondary button"
              onBlur={[Function]}
              onClick={[Function]}
              onFocus={[Function]}
              onMouseEnter={[Function]}
              onMouseLeave={[Function]}
              role="button"
            >
              Show QR code
            </button>
          </div>
        </div>
      </div>
    </div>
  </div>
  <div
    className="css-4"
  >
    <div
      className="emotion-8 emotion-9"
    >
      <div
        aria-expanded={false}
        className="ui button floating labeled upward top pointing dropdown icon"
        onBlur={[Function]}
        onChange={[Function]}
        onClick={[Function]}
        onFocus={[Function]}
        onMouseDown={[Function]}
        role="listbox"
        tabIndex={0}
      >
        <div
          aria-live="polite"
          className="text"
          role="alert"
        >
          Switch demo...
        </div>
        <i
          aria-hidden="true"
          className="exchange icon"
          onClick={[Function]}
        />
        <div
          className="menu transition"
        >
          <div
            aria-checked={true}
            className="active item"
            onClick={[Function]}
            role="option"
          >
            <span
              className="text"
            >
              Cogito Identity
            </span>
          </div>
          <div
            aria-checked={false}
            className="item"
            onClick={[Function]}
            role="option"
          >
            <span
              className="text"
            >
              Executing Contracts
            </span>
          </div>
          <div
            aria-checked={false}
            className="item"
            onClick={[Function]}
            role="option"
          >
            <span
              className="text"
            >
              Cogito Attestations
            </span>
          </div>
          <div
            aria-checked={false}
            className="item"
            onClick={[Function]}
            role="option"
          >
            <span
              className="text"
            >
              Simple Encryption
            </span>
          </div>
          <div
            aria-checked={false}
            className="item"
            onClick={[Function]}
            role="option"
          >
            <span
              className="text"
            >
              Stream Encryption
            </span>
          </div>
        </div>
      </div>
    </div>
  </div>
  <div
    className="css-5"
  >
    <div />
  </div>
  <div
    className="css-6"
  >
    <div
      className="css-7 emotion-8 emotion-9"
    >
      <p
        className="css-8"
      >
        © 2018 by Cogito
      </p>
    </div>
  </div>
</div>
`;
