// Jest Snapshot v1, https://goo.gl/fbAQLP

exports[`renders correctly 1`] = `
<div
  className="emotion-2 emotion-3"
>
  <div
    style={
      Object {
        "height": "400px",
        "width": "300px",
      }
    }
  >
    <p
      className="emotion-0"
    >
      This is the download page for 
      <b
        className="emotion-0"
      >
        Cogito iOS App
      </b>
    </p>
    <a
      className="ui medium image"
      href="itms-services://?action=download-manifest&url=https://secure-transfer-app.charterlab.tech/manifest.plist"
      target="_blank"
    >
      <img
        src="test-file-stub"
      />
    </a>
    <a
      className="ui pink basic fluid button"
      href="itms-services://?action=download-manifest&url=https://secure-transfer-app.charterlab.tech/manifest.plist"
      onClick={[Function]}
      role="button"
    >
      Download Cogito iOS App
    </a>
  </div>
</div>
`;
