// Jest Snapshot v1, https://goo.gl/fbAQLP

exports[`renders correctly 1`] = `
.emotion-2 {
  display: -webkit-box;
  display: -webkit-flex;
  display: -ms-flexbox;
  display: flex;
  -webkit-flex-flow: row nowrap;
  -ms-flex-flow: row nowrap;
  flex-flow: row nowrap;
  -webkit-box-pack: center;
  -webkit-justify-content: center;
  -ms-flex-pack: center;
  justify-content: center;
  -webkit-align-items: center;
  -webkit-box-align: center;
  -ms-flex-align: center;
  align-items: center;
  height: 100vh;
  width: 100vw;
}

<div
  className="emotion-2 emotion-3"
>
  <div
    style={
      Object {
        "height": "400px",
        "width": "300px",
      }
    }
  >
    <p
      className="emotion-0"
    >
      This is the download page for 
      <b
        className="emotion-0"
      >
        Cogito iOS App
      </b>
    </p>
    <a
      className="ui medium image"
      href="itms-services://?action=download-manifest&url=https://secure-transfer-app.charterlab.tech/manifest.plist"
      target="_blank"
    >
      <img
        src="test-file-stub"
      />
    </a>
    <a
      className="ui pink basic fluid button"
      href="itms-services://?action=download-manifest&url=https://secure-transfer-app.charterlab.tech/manifest.plist"
      onClick={[Function]}
      role="button"
    >
      Download Cogito iOS App
    </a>
  </div>
</div>
`;
